
Discarded input sections

 .note.GNU-stack
                0x0000000000000000        0x0 dvrmain.o
 .note.GNU-stack
                0x0000000000000000        0x0 util.o
 .note.GNU-stack
                0x0000000000000000        0x0 flashdev_n.o
 .note.GNU-stack
                0x0000000000000000        0x0 flashdev_s.o
 .note.GNU-stack
                0x0000000000000000        0x0 flashdev_e.o
 .note.GNU-stack
                0x0000000000000000        0x0 rtkemmc.o
 .note.GNU-stack
                0x0000000000000000        0x0 strlen.o
 .note.GNU-stack
                0x0000000000000000        0x0 strstr.o
 .note.GNU-stack
                0x0000000000000000        0x0 strtoul.o
 .note.GNU-stack
                0x0000000000000000        0x0 ctype.o
 .note.GNU-stack
                0x0000000000000000        0x0 mcp.o
 .note.GNU-stack
                0x0000000000000000        0x0 otp.o
 .note.GNU-stack
                0x0000000000000000        0x0 timer.o
 .note.GNU-stack
                0x0000000000000000        0x0 cache.o
 .note.GNU-stack
                0x0000000000000000        0x0 BootPartition_wrapper.o
 .note.GNU-stack
                0x0000000000000000        0x0 printf.o
 .note.GNU-stack
                0x0000000000000000        0x0 TinyStdio/tinystdio.o

Memory Configuration

Name             Origin             Length             Attributes
*default*        0x0000000000000000 0xffffffffffffffff

Linker script and memory map

Address of section .text set to 0x1500000
LOAD temp_target_array.o
LOAD start64.o
LOAD cache64.o
LOAD dvrmain.o
LOAD util.o
LOAD flashdev_n.o
LOAD flashdev_s.o
LOAD flashdev_e.o
LOAD rtkemmc.o
LOAD strlen.o
LOAD strstr.o
LOAD strtoul.o
LOAD ctype.o
LOAD mcp.o
LOAD otp.o
LOAD timer.o
LOAD cache.o
LOAD BootPartition_wrapper.o
LOAD printf.o
LOAD TinyStdio/tinystdio.o
LOAD /home/ariel/realtek_openwrt/Bootcode/U-Boot64-RTD129x/toolchain/asdk64-4.9.3-a53-EL-3.10-g2.19-a64nt-150615/bin/../lib/gcc/aarch64-linux-gnu/4.9.3/libgcc.a
                0x0000000000400000                PROVIDE (__executable_start, 0x400000)
                0x00000000004000e8                . = (0x400000 + SIZEOF_HEADERS)

.interp
 *(.interp)

.note.gnu.build-id
 *(.note.gnu.build-id)

.hash
 *(.hash)

.gnu.hash
 *(.gnu.hash)

.dynsym
 *(.dynsym)

.dynstr
 *(.dynstr)

.gnu.version
 *(.gnu.version)

.gnu.version_d
 *(.gnu.version_d)

.gnu.version_r
 *(.gnu.version_r)

.rela.dyn
 *(.rela.init)
 *(.rela.text .rela.text.* .rela.gnu.linkonce.t.*)
 *(.rela.fini)
 *(.rela.rodata .rela.rodata.* .rela.gnu.linkonce.r.*)
 *(.rela.data .rela.data.* .rela.gnu.linkonce.d.*)
 *(.rela.tdata .rela.tdata.* .rela.gnu.linkonce.td.*)
 *(.rela.tbss .rela.tbss.* .rela.gnu.linkonce.tb.*)
 *(.rela.ctors)
 *(.rela.dtors)
 *(.rela.got)
 *(.rela.bss .rela.bss.* .rela.gnu.linkonce.b.*)
 *(.rela.ifunc)

.rela.plt       0x00000000004000e8        0x0
 *(.rela.plt)
                0x00000000004000e8                PROVIDE (__rela_iplt_start, .)
 *(.rela.iplt)
 .rela.iplt     0x0000000000000000        0x0 start64.o
                0x00000000004000e8                PROVIDE (__rela_iplt_end, .)

.init
 *(SORT(.init))

.plt            0x00000000004000f0        0x0
 *(.plt)
 *(.iplt)
 .iplt          0x0000000000000000        0x0 start64.o

.text           0x0000000001500000     0x7a78
 *(.text.unlikely .text.*_unlikely .text.unlikely.*)
 *(.text.exit .text.exit.*)
 *(.text.startup .text.startup.*)
 *(.text.hot .text.hot.*)
 *(.text .stub .text.* .gnu.linkonce.t.*)
 .text          0x0000000001500000        0x0 temp_target_array.o
 .text          0x0000000001500000       0x80 start64.o
                0x0000000001500000                start
                0x0000000001500028                _stack_start
                0x0000000001500030                _stack_start1
 .text          0x0000000001500080      0x120 cache64.o
                0x0000000001500080                __asm_flush_dcache_level
                0x00000000015000f0                __flush_cache_all
                0x0000000001500150                __invalidate_tlb_all
 .text          0x00000000015001a0      0xab8 dvrmain.o
                0x00000000015001a0                align_to_boundary
                0x00000000015001b4                align_to_boundary_length
                0x00000000015001d0                set_spi_pin_mux
                0x00000000015001e8                set_nand_pin_mux
                0x00000000015001fc                set_emmc_freq
                0x0000000001500244                set_emmc_pin_mux
                0x000000000150027c                rebuild_function_pointer_from_uboot_to_dvrmain
                0x000000000150033c                dvrmain
 .text          0x0000000001500c58      0x57c util.o
                0x0000000001500c7c                sync
                0x0000000001500c94                init_uart
                0x0000000001500cf8                set_focus_uart
                0x0000000001500d1c                print_val
                0x0000000001500d80                print_hex
                0x0000000001500d88                sys_dcache_flush_all
                0x0000000001500d8c                put_char
                0x0000000001500dac                hexstr2int
                0x0000000001500db8                simple_malloc
                0x0000000001500e14                is_hex_digit
                0x0000000001500e50                memset
                0x0000000001500ec0                prints
                0x0000000001500f44                wait_done
                0x0000000001500fb0                hexdump
                0x000000000150107c                set_memory
                0x00000000015010a0                copy_memory
                0x0000000001501130                compare_memory
                0x0000000001501168                compare_str
                0x000000000150119c                swap_endian
                0x00000000015011a4                watchdog_reset
                0x00000000015011d0                __div0
 .text          0x00000000015011d4     0x2adc flashdev_n.o
                0x0000000001502068                do_erase_n
                0x00000000015021a8                do_erase_map
                0x0000000001502244                do_write_n
                0x0000000001502598                do_write_map
                0x00000000015027b4                do_identify_n
                0x0000000001502be8                do_init_n
                0x0000000001502ecc                write_bbt
                0x0000000001502fec                check_build_bbt
                0x00000000015032f4                do_exit_n
                0x00000000015036a0                get_env_n
                0x0000000001503820                save_env_n
                0x000000000150396c                do_read_n
 .text          0x0000000001503cb0      0x910 flashdev_s.o
                0x0000000001503cfc                _sync
                0x0000000001503d00                spi_switch_read_mode
                0x0000000001503d2c                spi_hexdump
                0x0000000001503db8                do_erase_s
                0x0000000001504184                do_write_s
                0x0000000001504294                do_identify_s
                0x0000000001504524                do_init_s
                0x00000000015045a8                do_exit_s
 .text          0x00000000015045c0      0x308 flashdev_e.o
                0x00000000015045c0                do_erase_e
                0x00000000015045c8                do_write_e
                0x0000000001504694                do_read_e
                0x0000000001504760                do_identify_e
                0x0000000001504770                do_init_e
                0x0000000001504794                do_exit_e
                0x0000000001504798                do_hide_hwsetting_e
 .text          0x00000000015048c8      0xec0 rtkemmc.o
                0x00000000015048c8                check_error
                0x00000000015049e0                reset_ip
                0x00000000015049f4                emmc_send_cmd_get_rsp
                0x0000000001504adc                frequency
                0x0000000001504c48                switch_bus
                0x0000000001504d88                kylin_cr_init
                0x0000000001505118                rtk_eMMC_init
                0x0000000001505268                switch_speed
                0x0000000001505314                IsAddressSRAM
                0x000000000150532c                make_ip_des
                0x00000000015053b0                emmc_read_write_ip
                0x000000000150555c                rtk_eMMC_write
                0x0000000001505630                rtk_eMMC_read
                0x0000000001505704                emmc_switch_partition
 .text          0x0000000001505788       0x20 strlen.o
                0x0000000001505788                strlen
 .text          0x00000000015057a8       0x6c strstr.o
                0x00000000015057a8                strstr
 .text          0x0000000001505814      0x178 strtoul.o
                0x0000000001505814                strtoul
 .text          0x000000000150598c        0x0 ctype.o
 .text          0x000000000150598c      0x75c mcp.o
                0x0000000001505b38                AES_CBC_decrypt
                0x0000000001505bec                AES_CBC_encrypt
                0x0000000001505ca0                AES_ECB_decrypt
                0x0000000001505d5c                AES_ECB_encrypt
                0x0000000001505e18                AES_hash_one
                0x0000000001505eac                AES_hash
                0x0000000001506010                SHA1_hash
 .text          0x00000000015060e8       0xbc otp.o
                0x00000000015060e8                get_boot_flash_type_from_gpio
                0x000000000150613c                OTP_JUDGE_BIT
                0x000000000150616c                get_secure_type_from_efuse
                0x0000000001506190                check_secure_boot
                0x0000000001506198                get_secure_type_name
 .text          0x00000000015061a4      0x12c timer.o
                0x00000000015061a4                InitTimer
                0x00000000015061fc                DisableTimer
                0x0000000001506230                SystemTimeout
                0x000000000150625c                mdelay
                0x0000000001506298                udelay
 .text          0x00000000015062d0      0x178 cache.o
                0x00000000015062d0                v7_maint_dcache_all
                0x00000000015063bc                disable_dcache
 .text          0x0000000001506448       0xf0 BootPartition_wrapper.o
                0x0000000001506448                BootPart_wrapper_read
                0x0000000001506478                BootPart_wrapper_write
                0x00000000015064a8                BootPart_wrapper_VerifyData
                0x0000000001506500                InitBootPartitionOpes
 .text          0x0000000001506538       0xc4 printf.o
                0x0000000001506538                __printf
 *fill*         0x00000000015065fc        0x4 00000000
 .text          0x0000000001506600     0x1478 TinyStdio/tinystdio.o
                0x00000000015069e8                s_to_float
                0x0000000001506a90                tfp_format
                0x000000000150725c                init_printf
                0x0000000001507270                tfp_printf
                0x000000000150730c                tfp_vsnprintf
                0x0000000001507380                tfp_snprintf
                0x0000000001507400                tfp_vsprintf
                0x0000000001507450                tfp_sprintf
                0x00000000015074d4                float_to_s
                0x0000000001507530                tfp_vsscanf
 *(.gnu.warning)

.fini
 *(SORT(.fini))
                0x0000000001507a78                PROVIDE (__etext, .)
                0x0000000001507a78                PROVIDE (_etext, .)
                0x0000000001507a78                PROVIDE (etext, .)

.rodata         0x0000000001507a78     0x25a8
 *(.rodata .rodata.* .gnu.linkonce.r.*)
 .rodata.str1.1
                0x0000000001507a78      0x24c dvrmain.o
                                        0x253 (size before relaxing)
 *fill*         0x0000000001507cc4        0x4 
 .rodata        0x0000000001507cc8        0x8 util.o
 .rodata.str1.1
                0x0000000001507cd0       0x19 util.o
                                         0x1d (size before relaxing)
 *fill*         0x0000000001507ce9        0x7 
 .rodata        0x0000000001507cf0      0xc00 flashdev_n.o
 .rodata.str1.1
                0x00000000015088f0      0x7b7 flashdev_n.o
                                        0x7b9 (size before relaxing)
 *fill*         0x00000000015090a7        0x1 
 .rodata        0x00000000015090a8      0x588 flashdev_s.o
 .rodata.str1.1
                0x0000000001509630      0x485 flashdev_s.o
                                        0x487 (size before relaxing)
 .rodata.str1.1
                0x0000000001509ab5      0x10a flashdev_e.o
 *fill*         0x0000000001509bbf        0x1 
 .rodata        0x0000000001509bc0      0x140 rtkemmc.o
                0x0000000001509bc8                clk_tlb
                0x0000000001509c08                bit_tlb
                0x0000000001509c28                state_tlb
                0x0000000001509c70                tacc_mant
                0x0000000001509cb0                tacc_exp
                0x0000000001509cd0                tran_mant
                0x0000000001509ce0                tran_exp
 .rodata.str1.1
                0x0000000001509d00       0x9e rtkemmc.o
 *fill*         0x0000000001509d9e        0x2 
 .rodata.str1.8
                0x0000000001509da0      0x268 rtkemmc.o
                                        0x270 (size before relaxing)
 .rodata.str1.1
                0x000000000150a008       0x11 otp.o
 .rodata.str1.1
                0x000000000150a019        0x7 TinyStdio/tinystdio.o
                                          0xd (size before relaxing)

.rodata1
 *(.rodata1)

.eh_frame_hdr
 *(.eh_frame_hdr)

.eh_frame
 *(.eh_frame)

.gcc_except_table
 *(.gcc_except_table .gcc_except_table.*)

.exception_ranges
 *(.exception_ranges .exception_ranges*)
                0x000000000150a020                . = (ALIGN (0x10000) - ((0x10000 - .) & 0xffff))
                0x000000000151a020                . = DATA_SEGMENT_ALIGN (0x10000, 0x1000)

.eh_frame
 *(.eh_frame)

.gcc_except_table
 *(.gcc_except_table .gcc_except_table.*)

.exception_ranges
 *(.exception_ranges .exception_ranges*)

.tdata
 *(.tdata .tdata.* .gnu.linkonce.td.*)

.tbss
 *(.tbss .tbss.* .gnu.linkonce.tb.*)
 *(.tcommon)

.preinit_array  0x000000000151a020        0x0
                0x000000000151a020                PROVIDE (__preinit_array_start, .)
 *(.preinit_array)
                0x000000000151a020                PROVIDE (__preinit_array_end, .)

.init_array     0x000000000151a020        0x0
                0x000000000151a020                PROVIDE (__init_array_start, .)
 *(SORT(.init_array.*))
 *(.init_array)
                0x000000000151a020                PROVIDE (__init_array_end, .)

.fini_array     0x000000000151a020        0x0
                0x000000000151a020                PROVIDE (__fini_array_start, .)
 *(SORT(.fini_array.*))
 *(.fini_array)
                0x000000000151a020                PROVIDE (__fini_array_end, .)

.ctors
 *crtbegin.o(.ctors)
 *crtbegin?.o(.ctors)
 *(EXCLUDE_FILE(*crtend?.o *crtend.o) .ctors)
 *(SORT(.ctors.*))
 *(.ctors)

.dtors
 *crtbegin.o(.dtors)
 *crtbegin?.o(.dtors)
 *(EXCLUDE_FILE(*crtend?.o *crtend.o) .dtors)
 *(SORT(.dtors.*))
 *(.dtors)

.jcr
 *(.jcr)

.data.rel.ro
 *(.data.rel.ro.local* .gnu.linkonce.d.rel.ro.local.*)
 *(.data.rel.ro .data.rel.ro.* .gnu.linkonce.d.rel.ro.*)

.dynamic
 *(.dynamic)

.got
 *(.got)
 *(.igot)
                0x000000000151a020                . = DATA_SEGMENT_RELRO_END (., 0x18)

.got.plt        0x000000000151a020        0x0
 *(.got.plt)
 *(.igot.plt)
 .igot.plt      0x0000000000000000        0x0 start64.o

.data           0x000000000151a020    0x80cb8
                0x000000000151a020                PROVIDE (__data_start, .)
 *(.data .data.* .gnu.linkonce.d.*)
 .data          0x000000000151a020    0x80b94 temp_target_array.o
                0x000000000151a020                resetrom
                0x000000000152cee8                resetrom_end
                0x000000000152ceec                mips_resetrom
                0x000000000152d234                mips_resetrom_end
                0x000000000152d238                hwsetting
                0x000000000152d8b8                hwsetting_end
                0x000000000152d8bc                hasharray
                0x000000000158923c                hasharray_end
                0x0000000001589240                hasharray64
                0x0000000001589240                hasharray64_end
                0x0000000001589244                signature
                0x0000000001589264                signature_end
                0x0000000001589268                bootcode2_boot_hasharray_end
                0x0000000001589268                bootcode2_boot_hasharray
                0x000000000158926c                bootcode2_boot_signature
                0x000000000158926c                bootcode2_boot_signature_end
                0x0000000001589270                ecbarray_end
                0x0000000001589270                ecbarray
                0x0000000001589274                linux_rescue_hasharray_end
                0x0000000001589274                linux_rescue_hasharray
                0x0000000001589278                linux_rescue_signature_end
                0x0000000001589278                linux_rescue_signature
                0x000000000158927c                fsbl
                0x000000000159ab3c                fsbl_end
                0x000000000159ab40                fsbl_signature
                0x000000000159ab60                fsbl_signature_end
                0x000000000159ab64                fsbl_os
                0x000000000159ab64                fsbl_os_end
                0x000000000159ab68                fsbl_os_signature
                0x000000000159ab68                fsbl_os_signature_end
                0x000000000159ab6c                bl31_end
                0x000000000159ab6c                bl31
                0x000000000159ab70                bl31_signature
                0x000000000159ab70                bl31_signature_end
                0x000000000159ab74                rsa_pub
                0x000000000159ab74                rsa_pub_end
                0x000000000159ab78                Kpublic_fw
                0x000000000159ab78                Kpublic_fw_end
                0x000000000159ab7c                Kpublic_tee
                0x000000000159ab7c                Kpublic_tee_end
                0x000000000159ab80                Kpublic_fw_signature
                0x000000000159ab80                Kpublic_fw_signature_end
                0x000000000159ab84                Kpublic_tee_signature
                0x000000000159ab84                Kpublic_tee_signature_end
                0x000000000159ab88                cbc_linux
                0x000000000159ab88                cbc_linux_end
                0x000000000159ab8c                hwsetting_sig_image_end
                0x000000000159ab8c                hwsetting_sig_image
                0x000000000159ab90                dcas_key_sig_image_end
                0x000000000159ab90                dcas_key_sig_image
                0x000000000159ab94                logo_end
                0x000000000159ab94                logo
                0x000000000159ab98                logo2
                0x000000000159ab98                logo2_end
                0x000000000159ab9c                logo3_end
                0x000000000159ab9c                logo3
                0x000000000159aba0                logo4
                0x000000000159aba0                logo4_end
                0x000000000159aba4                logo5_end
                0x000000000159aba4                logo5
                0x000000000159aba8                logo6
                0x000000000159aba8                logo6_end
                0x000000000159abac                logo7
                0x000000000159abac                logo7_end
                0x000000000159abb0                logo8
                0x000000000159abb0                logo8_end
 .data          0x000000000159abb4        0x0 start64.o
 .data          0x000000000159abb4        0x0 cache64.o
 .data          0x000000000159abb4        0x0 dvrmain.o
 *fill*         0x000000000159abb4        0x4 
 .data          0x000000000159abb8       0x10 util.o
                0x000000000159abb8                UartReg
 .data          0x000000000159abc8        0x0 flashdev_n.o
 .data          0x000000000159abc8        0x0 flashdev_s.o
 .data          0x000000000159abc8        0x0 flashdev_e.o
 .data          0x000000000159abc8       0x10 rtkemmc.o
                0x000000000159abd0                rw_descriptor
 .data          0x000000000159abd8        0x0 strlen.o
 .data          0x000000000159abd8        0x0 strstr.o
 .data          0x000000000159abd8        0x0 strtoul.o
 .data          0x000000000159abd8      0x100 ctype.o
                0x000000000159abd8                _ctype
 .data          0x000000000159acd8        0x0 mcp.o
 .data          0x000000000159acd8        0x0 otp.o
 .data          0x000000000159acd8        0x0 timer.o
 .data          0x000000000159acd8        0x0 cache.o
 .data          0x000000000159acd8        0x0 BootPartition_wrapper.o
 .data          0x000000000159acd8        0x0 printf.o
 .data          0x000000000159acd8        0x0 TinyStdio/tinystdio.o

.data1
 *(.data1)
                0x000000000159acd8                _edata = .
                0x000000000159acd8                PROVIDE (edata, .)
                0x000000000159acd8                . = .
                0x000000000159acd8                __bss_start = .
                0x000000000159acd8                __bss_start__ = .

.bss            0x000000000159acd8      0x150
 *(.dynbss)
 *(.bss .bss.* .gnu.linkonce.b.*)
 .bss           0x000000000159acd8        0x0 temp_target_array.o
 .bss           0x000000000159acd8        0x0 start64.o
 .bss           0x000000000159acd8        0x0 cache64.o
 .bss           0x000000000159acd8       0x20 dvrmain.o
                0x000000000159acd8                rtprintf
                0x000000000159ace0                rtflush_dcache_all
                0x000000000159ace8                rtflush_cache
                0x000000000159acf0                verify_after_write
                0x000000000159acf1                force_secure
                0x000000000159acf2                test_secure
                0x000000000159acf3                noreset
 .bss           0x000000000159acf8        0x8 util.o
                0x000000000159acfc                sys_l2cache_enabled
 .bss           0x000000000159ad00       0x48 flashdev_n.o
                0x000000000159ad0c                total_chip_num
                0x000000000159ad10                pages_per_chip
                0x000000000159ad14                pages_per_block
                0x000000000159ad1c                blocks_per_flash
 .bss           0x000000000159ad48        0x0 flashdev_s.o
 .bss           0x000000000159ad48        0x0 flashdev_e.o
 .bss           0x000000000159ad48       0xc8 rtkemmc.o
                0x000000000159ad48                emmc_card
                0x000000000159ae00                dummy_512B
                0x000000000159ae08                cr_int_status_reg
 .bss           0x000000000159ae10        0x0 strlen.o
 .bss           0x000000000159ae10        0x0 strstr.o
 .bss           0x000000000159ae10        0x0 strtoul.o
 .bss           0x000000000159ae10        0x0 ctype.o
 .bss           0x000000000159ae10        0x4 mcp.o
                0x000000000159ae10                mcp_dscpt_addr
 .bss           0x000000000159ae14        0x0 otp.o
 .bss           0x000000000159ae14        0x0 timer.o
 .bss           0x000000000159ae14        0x0 cache.o
 .bss           0x000000000159ae14        0x0 BootPartition_wrapper.o
 .bss           0x000000000159ae14        0x0 printf.o
 *fill*         0x000000000159ae14        0x4 
 .bss           0x000000000159ae18       0x10 TinyStdio/tinystdio.o
 *(COMMON)
                0x000000000159ae28                . = ALIGN ((. != 0x0)?0x8:0x1)
                0x000000000159ae28                _bss_end__ = .
                0x000000000159ae28                __bss_end__ = .
                0x000000000159ae28                . = ALIGN (0x8)
                0x000000000159ae28                . = SEGMENT_START ("ldata-segment", .)
                0x000000000159ae28                . = ALIGN (0x8)
                0x000000000159ae28                __end__ = .
                0x000000000159ae28                _end = .
                0x000000000159ae28                PROVIDE (end, .)
                0x000000000159ae28                . = DATA_SEGMENT_END (.)

.stab
 *(.stab)

.stabstr
 *(.stabstr)

.stab.excl
 *(.stab.excl)

.stab.exclstr
 *(.stab.exclstr)

.stab.index
 *(.stab.index)

.stab.indexstr
 *(.stab.indexstr)

.comment        0x0000000000000000       0x43
 *(.comment)
 .comment       0x0000000000000000       0x43 dvrmain.o
                                         0x44 (size before relaxing)
 .comment       0x0000000000000000       0x44 util.o
 .comment       0x0000000000000000       0x44 flashdev_n.o
 .comment       0x0000000000000000       0x44 flashdev_s.o
 .comment       0x0000000000000000       0x44 flashdev_e.o
 .comment       0x0000000000000000       0x44 rtkemmc.o
 .comment       0x0000000000000000       0x44 strlen.o
 .comment       0x0000000000000000       0x44 strstr.o
 .comment       0x0000000000000000       0x44 strtoul.o
 .comment       0x0000000000000000       0x44 ctype.o
 .comment       0x0000000000000000       0x44 mcp.o
 .comment       0x0000000000000000       0x44 otp.o
 .comment       0x0000000000000000       0x44 timer.o
 .comment       0x0000000000000000       0x44 cache.o
 .comment       0x0000000000000000       0x44 BootPartition_wrapper.o
 .comment       0x0000000000000000       0x44 printf.o
 .comment       0x0000000000000000       0x44 TinyStdio/tinystdio.o

.debug
 *(.debug)

.line
 *(.line)

.debug_srcinfo
 *(.debug_srcinfo)

.debug_sfnames
 *(.debug_sfnames)

.debug_aranges  0x0000000000000000      0x320
 *(.debug_aranges)
 .debug_aranges
                0x0000000000000000       0x30 dvrmain.o
 .debug_aranges
                0x0000000000000030       0x30 util.o
 .debug_aranges
                0x0000000000000060       0x30 flashdev_n.o
 .debug_aranges
                0x0000000000000090       0x30 flashdev_s.o
 .debug_aranges
                0x00000000000000c0       0x30 flashdev_e.o
 .debug_aranges
                0x00000000000000f0       0x30 rtkemmc.o
 .debug_aranges
                0x0000000000000120       0x30 strlen.o
 .debug_aranges
                0x0000000000000150       0x30 strstr.o
 .debug_aranges
                0x0000000000000180       0x30 strtoul.o
 .debug_aranges
                0x00000000000001b0       0x20 ctype.o
 .debug_aranges
                0x00000000000001d0       0x30 mcp.o
 .debug_aranges
                0x0000000000000200       0x30 otp.o
 .debug_aranges
                0x0000000000000230       0x30 timer.o
 .debug_aranges
                0x0000000000000260       0x30 cache.o
 .debug_aranges
                0x0000000000000290       0x30 BootPartition_wrapper.o
 .debug_aranges
                0x00000000000002c0       0x30 printf.o
 .debug_aranges
                0x00000000000002f0       0x30 TinyStdio/tinystdio.o

.debug_pubnames
 *(.debug_pubnames)

.debug_info     0x0000000000000000    0x10c42
 *(.debug_info .gnu.linkonce.wi.*)
 .debug_info    0x0000000000000000     0x1f69 dvrmain.o
 .debug_info    0x0000000000001f69      0xf38 util.o
 .debug_info    0x0000000000002ea1     0x6c8b flashdev_n.o
 .debug_info    0x0000000000009b2c     0x1b8b flashdev_s.o
 .debug_info    0x000000000000b6b7      0xabf flashdev_e.o
 .debug_info    0x000000000000c176     0x1be6 rtkemmc.o
 .debug_info    0x000000000000dd5c       0xbb strlen.o
 .debug_info    0x000000000000de17       0xdb strstr.o
 .debug_info    0x000000000000def2      0x153 strtoul.o
 .debug_info    0x000000000000e045       0x51 ctype.o
 .debug_info    0x000000000000e096      0xb29 mcp.o
 .debug_info    0x000000000000ebbf      0x1ea otp.o
 .debug_info    0x000000000000eda9      0x390 timer.o
 .debug_info    0x000000000000f139      0x66b cache.o
 .debug_info    0x000000000000f7a4      0x418 BootPartition_wrapper.o
 .debug_info    0x000000000000fbbc      0x1c1 printf.o
 .debug_info    0x000000000000fd7d      0xec5 TinyStdio/tinystdio.o

.debug_abbrev   0x0000000000000000     0x2304
 *(.debug_abbrev)
 .debug_abbrev  0x0000000000000000      0x387 dvrmain.o
 .debug_abbrev  0x0000000000000387      0x3b0 util.o
 .debug_abbrev  0x0000000000000737      0x43c flashdev_n.o
 .debug_abbrev  0x0000000000000b73      0x362 flashdev_s.o
 .debug_abbrev  0x0000000000000ed5      0x244 flashdev_e.o
 .debug_abbrev  0x0000000000001119      0x384 rtkemmc.o
 .debug_abbrev  0x000000000000149d       0x74 strlen.o
 .debug_abbrev  0x0000000000001511       0x83 strstr.o
 .debug_abbrev  0x0000000000001594       0xc0 strtoul.o
 .debug_abbrev  0x0000000000001654       0x3e ctype.o
 .debug_abbrev  0x0000000000001692      0x2b9 mcp.o
 .debug_abbrev  0x000000000000194b       0xf1 otp.o
 .debug_abbrev  0x0000000000001a3c      0x147 timer.o
 .debug_abbrev  0x0000000000001b83      0x168 cache.o
 .debug_abbrev  0x0000000000001ceb      0x191 BootPartition_wrapper.o
 .debug_abbrev  0x0000000000001e7c      0x11b printf.o
 .debug_abbrev  0x0000000000001f97      0x36d TinyStdio/tinystdio.o

.debug_line     0x0000000000000000     0x2c7b
 *(.debug_line .debug_line.* .debug_line_end)
 .debug_line    0x0000000000000000      0x3da dvrmain.o
 .debug_line    0x00000000000003da      0x274 util.o
 .debug_line    0x000000000000064e      0xcfe flashdev_n.o
 .debug_line    0x000000000000134c      0x447 flashdev_s.o
 .debug_line    0x0000000000001793      0x134 flashdev_e.o
 .debug_line    0x00000000000018c7      0x3ad rtkemmc.o
 .debug_line    0x0000000000001c74       0x3f strlen.o
 .debug_line    0x0000000000001cb3       0x53 strstr.o
 .debug_line    0x0000000000001d06       0xf7 strtoul.o
 .debug_line    0x0000000000001dfd       0x28 ctype.o
 .debug_line    0x0000000000001e25      0x279 mcp.o
 .debug_line    0x000000000000209e       0xc5 otp.o
 .debug_line    0x0000000000002163      0x100 timer.o
 .debug_line    0x0000000000002263      0x111 cache.o
 .debug_line    0x0000000000002374      0x15a BootPartition_wrapper.o
 .debug_line    0x00000000000024ce      0x167 printf.o
 .debug_line    0x0000000000002635      0x646 TinyStdio/tinystdio.o

.debug_frame    0x0000000000000000     0x1838
 *(.debug_frame)
 .debug_frame   0x0000000000000000      0x118 dvrmain.o
 .debug_frame   0x0000000000000118      0x2d0 util.o
 .debug_frame   0x00000000000003e8      0x690 flashdev_n.o
 .debug_frame   0x0000000000000a78      0x1d8 flashdev_s.o
 .debug_frame   0x0000000000000c50      0x140 flashdev_e.o
 .debug_frame   0x0000000000000d90      0x2d0 rtkemmc.o
 .debug_frame   0x0000000000001060       0x28 strlen.o
 .debug_frame   0x0000000000001088       0x28 strstr.o
 .debug_frame   0x00000000000010b0       0x28 strtoul.o
 .debug_frame   0x00000000000010d8      0x270 mcp.o
 .debug_frame   0x0000000000001348       0x98 otp.o
 .debug_frame   0x00000000000013e0       0xa8 timer.o
 .debug_frame   0x0000000000001488       0x60 cache.o
 .debug_frame   0x00000000000014e8       0xa8 BootPartition_wrapper.o
 .debug_frame   0x0000000000001590       0x40 printf.o
 .debug_frame   0x00000000000015d0      0x268 TinyStdio/tinystdio.o

.debug_str      0x0000000000000000     0x2a06
 *(.debug_str)
 .debug_str     0x0000000000000000     0x12f6 dvrmain.o
                                       0x1426 (size before relaxing)
 .debug_str     0x00000000000012f6      0x2c9 util.o
                                        0x54b (size before relaxing)
 .debug_str     0x00000000000015bf      0x7dc flashdev_n.o
                                        0xb4b (size before relaxing)
 .debug_str     0x0000000000001d9b       0x76 flashdev_s.o
                                        0x33a (size before relaxing)
 .debug_str     0x0000000000001e11      0x2c7 flashdev_e.o
                                        0x4d8 (size before relaxing)
 .debug_str     0x00000000000020d8      0x2ab rtkemmc.o
                                        0x6e4 (size before relaxing)
 .debug_str     0x0000000000002383        0x9 strlen.o
                                        0x18e (size before relaxing)
 .debug_str     0x000000000000238c       0x10 strstr.o
                                        0x18e (size before relaxing)
 .debug_str     0x000000000000239c       0x26 strtoul.o
                                        0x1b1 (size before relaxing)
 .debug_str     0x00000000000023c2        0x8 ctype.o
                                        0x11b (size before relaxing)
 .debug_str     0x00000000000023ca       0xda mcp.o
                                        0x2f7 (size before relaxing)
 .debug_str     0x00000000000024a4       0xae otp.o
                                        0x260 (size before relaxing)
 .debug_str     0x0000000000002552       0x77 timer.o
                                        0x20a (size before relaxing)
 .debug_str     0x00000000000025c9      0x142 cache.o
                                        0x327 (size before relaxing)
 .debug_str     0x000000000000270b       0xf9 BootPartition_wrapper.o
                                        0x2ce (size before relaxing)
 .debug_str     0x0000000000002804       0x6b printf.o
                                        0x211 (size before relaxing)
 .debug_str     0x000000000000286f      0x197 TinyStdio/tinystdio.o
                                        0x3f0 (size before relaxing)

.debug_loc      0x0000000000000000     0xed77
 *(.debug_loc)
 .debug_loc     0x0000000000000000      0x921 dvrmain.o
 .debug_loc     0x0000000000000921      0xc2a util.o
 .debug_loc     0x000000000000154b     0x59b9 flashdev_n.o
 .debug_loc     0x0000000000006f04     0x144c flashdev_s.o
 .debug_loc     0x0000000000008350      0xa53 flashdev_e.o
 .debug_loc     0x0000000000008da3     0x1081 rtkemmc.o
 .debug_loc     0x0000000000009e24       0x8c strlen.o
 .debug_loc     0x0000000000009eb0       0xae strstr.o
 .debug_loc     0x0000000000009f5e      0x47d strtoul.o
 .debug_loc     0x000000000000a3db     0x152f mcp.o
 .debug_loc     0x000000000000b90a      0x21d otp.o
 .debug_loc     0x000000000000bb27      0x3a5 timer.o
 .debug_loc     0x000000000000becc      0x4c1 cache.o
 .debug_loc     0x000000000000c38d      0x3fc BootPartition_wrapper.o
 .debug_loc     0x000000000000c789       0x95 printf.o
 .debug_loc     0x000000000000c81e     0x2559 TinyStdio/tinystdio.o

.debug_macinfo
 *(.debug_macinfo)

.debug_weaknames
 *(.debug_weaknames)

.debug_funcnames
 *(.debug_funcnames)

.debug_typenames
 *(.debug_typenames)

.debug_varnames
 *(.debug_varnames)

.debug_pubtypes
 *(.debug_pubtypes)

.debug_ranges   0x0000000000000000     0x1650
 *(.debug_ranges)
 .debug_ranges  0x0000000000000000       0xb0 util.o
 .debug_ranges  0x00000000000000b0      0xdd0 flashdev_n.o
 .debug_ranges  0x0000000000000e80      0x410 flashdev_s.o
 .debug_ranges  0x0000000000001290       0xf0 rtkemmc.o
 .debug_ranges  0x0000000000001380      0x150 mcp.o
 .debug_ranges  0x00000000000014d0       0x30 cache.o
 .debug_ranges  0x0000000000001500      0x150 TinyStdio/tinystdio.o

.debug_macro
 *(.debug_macro)

.ARM.attributes
 *(.ARM.attributes)
 *(.gnu.attributes)

.note.gnu.arm.ident
 *(.note.gnu.arm.ident)

/DISCARD/
 *(.note.GNU-stack)
 *(.gnu_debuglink)
 *(.gnu.lto_*)
OUTPUT(dvrboot.exe elf64-littleaarch64)
